5788008683160641886678796334904195342418286249654470148679460879959286337366625412682294610713049583
