25070830270709479238561397108022623017038721639219724922994170339488879190972835612135641044998348588434638874945979447565496884164267677753357528263452705490355122113735103905451667596563558348644607249940986022327142687645179977333171290865725990281374772859630439398049569269309744339415377185214622010052119963000389465790624439010527817798368718852966384886445740810237447487508315391328928084668797219883917343019903113336548874716272374239754281583159632154435811340594114640716524085507083793
