94382105135077691231417848370880150576224502446217
